// Jest Snapshot v1, https://goo.gl/fbAQLP

exports[`renders correctly 1`] = `
<Modal
  animationType="slide"
  hardwareAccelerated={false}
  onRequestClose={[Function]}
  transparent={true}
  visible={false}
>
  <View
    style={
      Object {
        "alignItems": "center",
        "flex": 1,
        "justifyContent": "center",
      }
    }
  >
    <View
      style={
        Object {
          "backgroundColor": "white",
          "borderRadius": 4,
          "elevation": 5,
          "flexDirection": "column",
          "margin": 32,
          "padding": 16,
          "shadowColor": "black",
          "shadowOffset": Object {
            "height": 2,
            "width": 0,
          },
          "shadowOpacity": 0.25,
          "shadowRadius": 4,
        }
      }
    >
      <View
        style={
          Object {
            "alignItems": "flex-end",
            "marginBottom": 16,
          }
        }
      >
        <View
          accessible={true}
          collapsable={false}
          focusable={true}
          nativeID="animatedComponent"
          onClick={[Function]}
          onResponderGrant={[Function]}
          onResponderMove={[Function]}
          onResponderRelease={[Function]}
          onResponderTerminate={[Function]}
          onResponderTerminationRequest={[Function]}
          onStartShouldSetResponder={[Function]}
          style={
            Object {
              "alignItems": "center",
              "backgroundColor": "white",
              "borderColor": "#e8e9ec",
              "borderRadius": 4,
              "borderWidth": 0,
              "flex": 0,
              "flexDirection": "row",
              "justifyContent": "center",
              "opacity": 1,
              "padding": 8,
            }
          }
        >
          <Icon
            name="close"
            size={24}
            style={
              Array [
                Object {
                  "alignSelf": "center",
                  "color": "#646d7a",
                  "marginRight": 8,
                },
                Object {
                  "marginRight": 0,
                },
              ]
            }
          />
          <Text
            style={
              Array [
                Object {
                  "color": "#646d7a",
                  "fontSize": 20,
                  "fontWeight": "600",
                },
                Object {},
              ]
            }
          >
            
          </Text>
        </View>
      </View>
      <View />
    </View>
  </View>
</Modal>
`;
