// Jest Snapshot v1, https://goo.gl/fbAQLP

exports[`renders correctly 1`] = `
<RCTSafeAreaView
  emulateUnlessSupported={true}
  style={
    Object {
      "flex": 1,
    }
  }
>
  <View
    style={
      Object {
        "alignItems": "center",
        "borderBottomWidth": 2,
        "borderColor": "#e8e9ec",
        "flexDirection": "row",
        "marginTop": 8,
        "padding": 16,
      }
    }
  >
    <View
      style={
        Object {
          "flex": 3,
        }
      }
    >
      <Text
        style={
          Object {
            "fontSize": 24,
            "fontWeight": "600",
          }
        }
      >
        Documents
      </Text>
    </View>
    <View
      style={
        Object {
          "alignItems": "flex-end",
          "flex": 1,
          "justifyContent": "center",
        }
      }
    >
      <View
        accessible={true}
        focusable={true}
        onClick={[Function]}
        onResponderGrant={[Function]}
        onResponderMove={[Function]}
        onResponderRelease={[Function]}
        onResponderTerminate={[Function]}
        onResponderTerminationRequest={[Function]}
        onStartShouldSetResponder={[Function]}
        style={
          Object {
            "backgroundColor": "white",
            "borderColor": "#e8e9ec",
            "borderRadius": 4,
            "borderWidth": 2,
            "opacity": 1,
            "padding": 8,
          }
        }
      >
        <Icon
          name="notifications"
          size={24}
          style={
            Object {
              "alignSelf": "center",
              "color": "#646d7a",
            }
          }
        />
      </View>
    </View>
  </View>
  <View
    style={
      Object {
        "flex": 1,
      }
    }
  >
    <Modal
      animationType="slide"
      hardwareAccelerated={false}
      onRequestClose={[Function]}
      transparent={true}
      visible={false}
    >
      <View
        style={
          Object {
            "alignItems": "center",
            "flex": 1,
            "justifyContent": "center",
          }
        }
      >
        <View
          style={
            Object {
              "backgroundColor": "white",
              "borderRadius": 4,
              "elevation": 5,
              "flexDirection": "column",
              "margin": 32,
              "padding": 16,
              "shadowColor": "black",
              "shadowOffset": Object {
                "height": 2,
                "width": 0,
              },
              "shadowOpacity": 0.25,
              "shadowRadius": 4,
            }
          }
        >
          <View
            style={
              Object {
                "alignItems": "flex-end",
                "marginBottom": 16,
              }
            }
          >
            <View
              accessible={true}
              focusable={true}
              onClick={[Function]}
              onResponderGrant={[Function]}
              onResponderMove={[Function]}
              onResponderRelease={[Function]}
              onResponderTerminate={[Function]}
              onResponderTerminationRequest={[Function]}
              onStartShouldSetResponder={[Function]}
              style={
                Object {
                  "alignItems": "center",
                  "backgroundColor": "white",
                  "borderColor": "#e8e9ec",
                  "borderRadius": 4,
                  "borderWidth": 0,
                  "flex": 0,
                  "flexDirection": "row",
                  "justifyContent": "center",
                  "opacity": 1,
                  "padding": 8,
                }
              }
            >
              <Icon
                name="close"
                size={24}
                style={
                  Array [
                    Object {
                      "alignSelf": "center",
                      "color": "#646d7a",
                      "marginRight": 8,
                    },
                    Object {
                      "marginRight": 0,
                    },
                  ]
                }
              />
              <Text
                style={
                  Array [
                    Object {
                      "color": "#646d7a",
                      "fontSize": 20,
                      "fontWeight": "600",
                    },
                    Object {},
                  ]
                }
              >
                
              </Text>
            </View>
          </View>
          <View>
            <View
              accessible={true}
              focusable={true}
              onClick={[Function]}
              onResponderGrant={[Function]}
              onResponderMove={[Function]}
              onResponderRelease={[Function]}
              onResponderTerminate={[Function]}
              onResponderTerminationRequest={[Function]}
              onStartShouldSetResponder={[Function]}
              style={
                Object {
                  "alignItems": "center",
                  "backgroundColor": "white",
                  "flexDirection": "row",
                  "marginBottom": 8,
                  "opacity": 1,
                  "padding": 8,
                }
              }
            >
              <View
                style={
                  Object {
                    "alignItems": "center",
                    "borderColor": "#3f82f2",
                    "borderRadius": 12,
                    "borderWidth": 2,
                    "height": 24,
                    "justifyContent": "center",
                    "marginRight": 8,
                    "width": 24,
                  }
                }
              >
                <View
                  style={
                    Object {
                      "backgroundColor": "#3f82f2",
                      "borderRadius": 6,
                      "height": 12,
                      "width": 12,
                    }
                  }
                />
              </View>
              <Text
                style={
                  Array [
                    Object {
                      "color": "#646d7a",
                      "fontSize": 16,
                      "fontWeight": "400",
                    },
                    Object {},
                  ]
                }
              >
                Title
              </Text>
            </View>
            <View
              accessible={true}
              focusable={true}
              onClick={[Function]}
              onResponderGrant={[Function]}
              onResponderMove={[Function]}
              onResponderRelease={[Function]}
              onResponderTerminate={[Function]}
              onResponderTerminationRequest={[Function]}
              onStartShouldSetResponder={[Function]}
              style={
                Object {
                  "alignItems": "center",
                  "backgroundColor": "white",
                  "flexDirection": "row",
                  "marginBottom": 8,
                  "opacity": 1,
                  "padding": 8,
                }
              }
            >
              <View
                style={
                  Object {
                    "alignItems": "center",
                    "borderColor": "#3f82f2",
                    "borderRadius": 12,
                    "borderWidth": 2,
                    "height": 24,
                    "justifyContent": "center",
                    "marginRight": 8,
                    "width": 24,
                  }
                }
              />
              <Text
                style={
                  Array [
                    Object {
                      "color": "#646d7a",
                      "fontSize": 16,
                      "fontWeight": "400",
                    },
                    Object {},
                  ]
                }
              >
                Version
              </Text>
            </View>
            <View
              accessible={true}
              focusable={true}
              onClick={[Function]}
              onResponderGrant={[Function]}
              onResponderMove={[Function]}
              onResponderRelease={[Function]}
              onResponderTerminate={[Function]}
              onResponderTerminationRequest={[Function]}
              onStartShouldSetResponder={[Function]}
              style={
                Object {
                  "alignItems": "center",
                  "backgroundColor": "white",
                  "flexDirection": "row",
                  "marginBottom": 8,
                  "opacity": 1,
                  "padding": 8,
                }
              }
            >
              <View
                style={
                  Object {
                    "alignItems": "center",
                    "borderColor": "#3f82f2",
                    "borderRadius": 12,
                    "borderWidth": 2,
                    "height": 24,
                    "justifyContent": "center",
                    "marginRight": 8,
                    "width": 24,
                  }
                }
              />
              <Text
                style={
                  Array [
                    Object {
                      "color": "#646d7a",
                      "fontSize": 16,
                      "fontWeight": "400",
                    },
                    Object {},
                  ]
                }
              >
                Created
              </Text>
            </View>
            <View
              accessible={true}
              focusable={true}
              onClick={[Function]}
              onResponderGrant={[Function]}
              onResponderMove={[Function]}
              onResponderRelease={[Function]}
              onResponderTerminate={[Function]}
              onResponderTerminationRequest={[Function]}
              onStartShouldSetResponder={[Function]}
              style={
                Object {
                  "alignItems": "center",
                  "backgroundColor": "white",
                  "flexDirection": "row",
                  "marginBottom": 8,
                  "opacity": 1,
                  "padding": 8,
                }
              }
            >
              <View
                style={
                  Object {
                    "alignItems": "center",
                    "borderColor": "#3f82f2",
                    "borderRadius": 12,
                    "borderWidth": 2,
                    "height": 24,
                    "justifyContent": "center",
                    "marginRight": 8,
                    "width": 24,
                  }
                }
              />
              <Text
                style={
                  Array [
                    Object {
                      "color": "#646d7a",
                      "fontSize": 16,
                      "fontWeight": "400",
                    },
                    Object {},
                  ]
                }
              >
                Updated
              </Text>
            </View>
          </View>
        </View>
      </View>
    </Modal>
    <RCTScrollView
      ListEmptyComponent={
        <View
          style={
            Object {
              "marginTop": 80,
              "padding": 16,
            }
          }
        >
          <Text
            style={
              Object {
                "color": "#6f7583",
                "fontSize": 24,
                "textAlign": "center",
              }
            }
          >
            No documents to display
          </Text>
        </View>
      }
      ListHeaderComponent={
        <DocumentsListHeader
          changeView={[Function]}
          openSortBy={[Function]}
          selectedView="list"
          sortDirection="desc"
          toggleSortDirection={[Function]}
        />
      }
      contentContainerStyle={
        Object {
          "paddingVertical": 16,
        }
      }
      data={Array []}
      getItem={[Function]}
      getItemCount={[Function]}
      keyExtractor={[Function]}
      onContentSizeChange={[Function]}
      onLayout={[Function]}
      onMomentumScrollBegin={[Function]}
      onMomentumScrollEnd={[Function]}
      onRefresh={[Function]}
      onScroll={[Function]}
      onScrollBeginDrag={[Function]}
      onScrollEndDrag={[Function]}
      refreshControl={
        <RefreshControlMock
          onRefresh={[Function]}
          refreshing={true}
        />
      }
      refreshing={true}
      removeClippedSubviews={false}
      renderItem={[Function]}
      scrollEventThrottle={50}
      stickyHeaderIndices={Array []}
      viewabilityConfigCallbackPairs={Array []}
    >
      <RCTRefreshControl />
      <View>
        <View
          onLayout={[Function]}
        >
          <View
            style={
              Object {
                "flex": 1,
                "flexDirection": "row",
                "flexWrap": "wrap",
                "justifyContent": "space-between",
                "marginBottom": 16,
                "paddingHorizontal": 16,
              }
            }
          >
            <View
              style={
                Object {
                  "width": 140,
                }
              }
            >
              <View
                style={
                  Object {
                    "alignItems": "flex-start",
                    "flex": 1,
                    "flexDirection": "row",
                    "justifyContent": "flex-start",
                  }
                }
              >
                <View
                  style={
                    Object {
                      "flex": 2,
                    }
                  }
                >
                  <View
                    accessible={true}
                    focusable={true}
                    onClick={[Function]}
                    onResponderGrant={[Function]}
                    onResponderMove={[Function]}
                    onResponderRelease={[Function]}
                    onResponderTerminate={[Function]}
                    onResponderTerminationRequest={[Function]}
                    onStartShouldSetResponder={[Function]}
                    style={
                      Object {
                        "alignItems": "center",
                        "backgroundColor": "white",
                        "borderBottomRightRadius": 0,
                        "borderColor": "#e8e9ec",
                        "borderRadius": 4,
                        "borderTopRightRadius": 0,
                        "borderWidth": 2,
                        "flex": 1,
                        "flexDirection": "row",
                        "justifyContent": "center",
                        "opacity": 1,
                        "padding": 8,
                      }
                    }
                  >
                    <Icon
                      name="unfold-more"
                      size={24}
                      style={
                        Array [
                          Object {
                            "alignSelf": "center",
                            "color": "#646d7a",
                            "marginRight": 8,
                          },
                          Object {
                            "marginRight": 0,
                          },
                        ]
                      }
                    />
                    <Text
                      style={
                        Array [
                          Object {
                            "color": "#646d7a",
                            "fontSize": 20,
                            "fontWeight": "600",
                          },
                          Object {
                            "fontSize": 16,
                          },
                        ]
                      }
                    >
                      Sort by
                    </Text>
                  </View>
                </View>
                <View
                  style={
                    Object {
                      "flex": 1,
                    }
                  }
                >
                  <View
                    accessible={true}
                    focusable={true}
                    onClick={[Function]}
                    onResponderGrant={[Function]}
                    onResponderMove={[Function]}
                    onResponderRelease={[Function]}
                    onResponderTerminate={[Function]}
                    onResponderTerminationRequest={[Function]}
                    onStartShouldSetResponder={[Function]}
                    style={
                      Object {
                        "alignItems": "center",
                        "backgroundColor": "white",
                        "borderBottomLeftRadius": 0,
                        "borderColor": "#e8e9ec",
                        "borderLeftWidth": 0,
                        "borderRadius": 4,
                        "borderTopLeftRadius": 0,
                        "borderWidth": 2,
                        "flex": 1,
                        "flexDirection": "row",
                        "justifyContent": "center",
                        "opacity": 1,
                        "padding": 8,
                      }
                    }
                  >
                    <Icon
                      name="keyboard-arrow-down"
                      size={24}
                      style={
                        Array [
                          Object {
                            "alignSelf": "center",
                            "color": "#646d7a",
                            "marginRight": 8,
                          },
                          Object {
                            "marginRight": 0,
                          },
                        ]
                      }
                    />
                    <Text
                      style={
                        Array [
                          Object {
                            "color": "#646d7a",
                            "fontSize": 20,
                            "fontWeight": "600",
                          },
                          Object {
                            "fontSize": 16,
                          },
                        ]
                      }
                    >
                      
                    </Text>
                  </View>
                </View>
              </View>
            </View>
            <View
              style={
                Object {
                  "width": 140,
                }
              }
            >
              <View
                style={
                  Object {
                    "alignItems": "flex-start",
                    "flex": 1,
                    "flexDirection": "row",
                    "justifyContent": "flex-start",
                  }
                }
              >
                <View
                  style={
                    Object {
                      "flex": 1,
                    }
                  }
                >
                  <View
                    accessible={true}
                    focusable={true}
                    onClick={[Function]}
                    onResponderGrant={[Function]}
                    onResponderMove={[Function]}
                    onResponderRelease={[Function]}
                    onResponderTerminate={[Function]}
                    onResponderTerminationRequest={[Function]}
                    onStartShouldSetResponder={[Function]}
                    style={
                      Object {
                        "alignItems": "center",
                        "backgroundColor": "white",
                        "borderBottomRightRadius": 0,
                        "borderColor": "#e8e9ec",
                        "borderRadius": 4,
                        "borderTopRightRadius": 0,
                        "borderWidth": 2,
                        "flex": 1,
                        "flexDirection": "row",
                        "justifyContent": "center",
                        "opacity": 1,
                        "padding": 8,
                      }
                    }
                  >
                    <Icon
                      name="list"
                      size={24}
                      style={
                        Array [
                          Object {
                            "alignSelf": "center",
                            "color": "#646d7a",
                            "marginRight": 8,
                          },
                          Object {
                            "color": "#3f82f2",
                            "marginRight": 0,
                          },
                        ]
                      }
                    />
                    <Text
                      style={
                        Array [
                          Object {
                            "color": "#646d7a",
                            "fontSize": 20,
                            "fontWeight": "600",
                          },
                          Object {
                            "fontSize": 16,
                          },
                        ]
                      }
                    >
                      
                    </Text>
                  </View>
                </View>
                <View
                  style={
                    Object {
                      "flex": 1,
                    }
                  }
                >
                  <View
                    accessible={true}
                    focusable={true}
                    onClick={[Function]}
                    onResponderGrant={[Function]}
                    onResponderMove={[Function]}
                    onResponderRelease={[Function]}
                    onResponderTerminate={[Function]}
                    onResponderTerminationRequest={[Function]}
                    onStartShouldSetResponder={[Function]}
                    style={
                      Object {
                        "alignItems": "center",
                        "backgroundColor": "#f4f4f6",
                        "borderBottomLeftRadius": 0,
                        "borderColor": "#e8e9ec",
                        "borderLeftWidth": 0,
                        "borderRadius": 4,
                        "borderTopLeftRadius": 0,
                        "borderWidth": 2,
                        "flex": 1,
                        "flexDirection": "row",
                        "justifyContent": "center",
                        "opacity": 1,
                        "padding": 8,
                      }
                    }
                  >
                    <Icon
                      name="grid-view"
                      size={24}
                      style={
                        Array [
                          Object {
                            "alignSelf": "center",
                            "color": "#646d7a",
                            "marginRight": 8,
                          },
                          Object {
                            "marginRight": 0,
                          },
                        ]
                      }
                    />
                    <Text
                      style={
                        Array [
                          Object {
                            "color": "#646d7a",
                            "fontSize": 20,
                            "fontWeight": "600",
                          },
                          Object {
                            "fontSize": 16,
                          },
                        ]
                      }
                    >
                      
                    </Text>
                  </View>
                </View>
              </View>
            </View>
          </View>
        </View>
        <View
          onLayout={[Function]}
          style={
            Object {
              "marginTop": 80,
              "padding": 16,
            }
          }
        >
          <Text
            style={
              Object {
                "color": "#6f7583",
                "fontSize": 24,
                "textAlign": "center",
              }
            }
          >
            No documents to display
          </Text>
        </View>
      </View>
    </RCTScrollView>
  </View>
  <View
    style={
      Object {
        "alignItems": "center",
        "borderColor": "#e8e9ec",
        "borderTopWidth": 2,
        "flexDirection": "row",
        "padding": 16,
      }
    }
  >
    <View
      accessible={true}
      focusable={true}
      onClick={[Function]}
      onResponderGrant={[Function]}
      onResponderMove={[Function]}
      onResponderRelease={[Function]}
      onResponderTerminate={[Function]}
      onResponderTerminationRequest={[Function]}
      onStartShouldSetResponder={[Function]}
      style={
        Object {
          "alignItems": "center",
          "backgroundColor": "#3f82f2",
          "borderRadius": 4,
          "flex": 1,
          "flexDirection": "row",
          "justifyContent": "center",
          "opacity": 1,
          "padding": 8,
        }
      }
    >
      <Icon
        name="add"
        size={24}
        style={
          Object {
            "alignSelf": "center",
            "color": "white",
            "marginRight": 8,
          }
        }
      />
      <Text
        style={
          Object {
            "color": "white",
            "fontSize": 20,
            "fontWeight": "600",
          }
        }
      >
        Add document
      </Text>
    </View>
  </View>
  <Modal
    animationType="slide"
    hardwareAccelerated={false}
    onRequestClose={[Function]}
    transparent={true}
    visible={false}
  >
    <View
      style={
        Object {
          "alignItems": "center",
          "flex": 1,
          "justifyContent": "flex-end",
        }
      }
    >
      <View
        style={
          Object {
            "backgroundColor": "white",
            "borderColor": "#e8e9ec",
            "borderRadius": 4,
            "borderTopWidth": 2,
            "flexDirection": "column",
            "margin": 32,
            "width": "100%",
          }
        }
      >
        <View
          style={
            Object {
              "alignItems": "center",
              "flexDirection": "row",
              "justifyContent": "space-between",
              "padding": 16,
            }
          }
        >
          <Text
            style={
              Object {
                "fontSize": 24,
                "fontWeight": "600",
              }
            }
          >
            Add document
          </Text>
          <View
            accessible={true}
            focusable={true}
            onClick={[Function]}
            onResponderGrant={[Function]}
            onResponderMove={[Function]}
            onResponderRelease={[Function]}
            onResponderTerminate={[Function]}
            onResponderTerminationRequest={[Function]}
            onStartShouldSetResponder={[Function]}
            style={
              Object {
                "alignItems": "center",
                "backgroundColor": "white",
                "borderColor": "#e8e9ec",
                "borderRadius": 4,
                "borderWidth": 0,
                "flex": 0,
                "flexDirection": "row",
                "justifyContent": "center",
                "opacity": 1,
                "padding": 8,
              }
            }
          >
            <Icon
              name="close"
              size={24}
              style={
                Array [
                  Object {
                    "alignSelf": "center",
                    "color": "#646d7a",
                    "marginRight": 8,
                  },
                  Object {
                    "marginRight": 0,
                  },
                ]
              }
            />
            <Text
              style={
                Array [
                  Object {
                    "color": "#646d7a",
                    "fontSize": 20,
                    "fontWeight": "600",
                  },
                  Object {},
                ]
              }
            >
              
            </Text>
          </View>
        </View>
        <View
          style={
            Object {
              "padding": 16,
            }
          }
        >
          <Text
            style={
              Object {
                "fontSize": 16,
                "marginBottom": 8,
              }
            }
          >
            Name
          </Text>
          <TextInput
            onChangeText={[Function]}
            placeholder="Name"
            style={
              Object {
                "backgroundColor": "white",
                "borderColor": "#e8e9ec",
                "borderRadius": 4,
                "borderWidth": 2,
                "marginBottom": 16,
                "padding": 8,
              }
            }
            value=""
          />
          <Text
            style={
              Object {
                "fontSize": 16,
                "marginBottom": 8,
              }
            }
          >
            Version
          </Text>
          <TextInput
            onChangeText={[Function]}
            placeholder="Version"
            style={
              Object {
                "backgroundColor": "white",
                "borderColor": "#e8e9ec",
                "borderRadius": 4,
                "borderWidth": 2,
                "marginBottom": 16,
                "padding": 8,
              }
            }
            value=""
          />
          <Text
            style={
              Object {
                "fontSize": 16,
                "marginBottom": 8,
              }
            }
          >
            File
          </Text>
          <View
            accessible={true}
            focusable={true}
            onClick={[Function]}
            onResponderGrant={[Function]}
            onResponderMove={[Function]}
            onResponderRelease={[Function]}
            onResponderTerminate={[Function]}
            onResponderTerminationRequest={[Function]}
            onStartShouldSetResponder={[Function]}
            style={
              Object {
                "alignItems": "center",
                "backgroundColor": "white",
                "borderColor": "#e8e9ec",
                "borderRadius": 4,
                "borderWidth": 2,
                "flex": 0,
                "flexDirection": "row",
                "justifyContent": "center",
                "opacity": 1,
                "padding": 8,
                "width": 150,
              }
            }
          >
            <Icon
              name="text-snippet"
              size={24}
              style={
                Array [
                  Object {
                    "alignSelf": "center",
                    "color": "#646d7a",
                    "marginRight": 8,
                  },
                  Object {
                    "color": "#3f82f2",
                  },
                ]
              }
            />
            <Text
              style={
                Array [
                  Object {
                    "color": "#646d7a",
                    "fontSize": 20,
                    "fontWeight": "600",
                  },
                  Object {
                    "color": "#3f82f2",
                    "fontSize": 16,
                  },
                ]
              }
            >
              Choose file
            </Text>
          </View>
        </View>
        <View
          style={
            Object {
              "alignItems": "center",
              "borderColor": "#e8e9ec",
              "borderTopWidth": 2,
              "flexDirection": "row",
              "padding": 16,
            }
          }
        >
          <View
            accessible={true}
            focusable={true}
            onClick={[Function]}
            onResponderGrant={[Function]}
            onResponderMove={[Function]}
            onResponderRelease={[Function]}
            onResponderTerminate={[Function]}
            onResponderTerminationRequest={[Function]}
            onStartShouldSetResponder={[Function]}
            style={
              Object {
                "alignItems": "center",
                "backgroundColor": "#3f82f2",
                "borderRadius": 4,
                "flex": 1,
                "flexDirection": "row",
                "justifyContent": "center",
                "opacity": 1,
                "padding": 8,
              }
            }
          >
            <Text
              style={
                Object {
                  "color": "white",
                  "fontSize": 20,
                  "fontWeight": "600",
                }
              }
            >
              Submit
            </Text>
          </View>
        </View>
      </View>
    </View>
  </Modal>
</RCTSafeAreaView>
`;
